[95mRunning Sequence Solver Tests...[0m
Executable: C:\Users\filip\Documents\VS Code\C++\seqfinder\seqfinder_cli.exe


[95mSummary:[0m
[91m80 tests failed.[0m
[92m0 tests passed.[0m
